Testing NASA POWER API...
NASA Status: 200
NASA Data Sample (first 5 values): [ 3.2078, 2.9513, 2.7228, 4.5161, 2.5447 ]

Testing Mapbox Elevation API...
Mapbox Status: 200
Mapbox Feature Sample: {
  "type": "Feature",
  "id": 1,
  "geometry": {
    "type": "Point",
    "coordinates": [
      28.9784,
      41.0082
    ]
  },
  "properties": {
    "ele": -10,
    "index": -1,
    "tilequery": {
      "distance": 0,
      "geometry": "polygon",
      "layer": "contour"
    }
  }
}
Mapbox Elevation (ele): -10

Testing Overpass POST API...
Overpass Status: 504
